// Jest Snapshot v1, https://goo.gl/fbAQLP

exports[`Landing should render correctly 1`] = `
ShallowWrapper {
  "length": 1,
  Symbol(enzyme.__root__): [Circular],
  Symbol(enzyme.__unrendered__): <Landing />,
  Symbol(enzyme.__renderer__): Object {
    "batchedUpdates": [Function],
    "getNode": [Function],
    "render": [Function],
    "simulateEvent": [Function],
    "unmount": [Function],
  },
  Symbol(enzyme.__node__): Object {
    "instance": null,
    "key": undefined,
    "nodeType": "host",
    "props": Object {
      "children": <div
        className="welcome"
      >
        <div
          className="seperator-line"
        >
          <h1
            className="heading"
          >
            Welcome To React Boiler Plate
          </h1>
          <NavLink
            activeClassName="active"
            ariaCurrent="true"
            className="form-link"
            to="/login"
          >
            Login
          </NavLink>
          <NavLink
            activeClassName="active"
            ariaCurrent="true"
            className="form-link"
            to="/signup"
          >
            Sign Up
          </NavLink>
        </div>
      </div>,
      "className": "container",
    },
    "ref": null,
    "rendered": Object {
      "instance": null,
      "key": undefined,
      "nodeType": "host",
      "props": Object {
        "children": <div
          className="seperator-line"
        >
          <h1
            className="heading"
          >
            Welcome To React Boiler Plate
          </h1>
          <NavLink
            activeClassName="active"
            ariaCurrent="true"
            className="form-link"
            to="/login"
          >
            Login
          </NavLink>
          <NavLink
            activeClassName="active"
            ariaCurrent="true"
            className="form-link"
            to="/signup"
          >
            Sign Up
          </NavLink>
        </div>,
        "className": "welcome",
      },
      "ref": null,
      "rendered": Object {
        "instance": null,
        "key": undefined,
        "nodeType": "host",
        "props": Object {
          "children": Array [
            <h1
              className="heading"
            >
              Welcome To React Boiler Plate
            </h1>,
            <NavLink
              activeClassName="active"
              ariaCurrent="true"
              className="form-link"
              to="/login"
            >
              Login
            </NavLink>,
            <NavLink
              activeClassName="active"
              ariaCurrent="true"
              className="form-link"
              to="/signup"
            >
              Sign Up
            </NavLink>,
          ],
          "className": "seperator-line",
        },
        "ref": null,
        "rendered": Array [
          Object {
            "instance": null,
            "key": undefined,
            "nodeType": "host",
            "props": Object {
              "children": "Welcome To React Boiler Plate",
              "className": "heading",
            },
            "ref": null,
            "rendered": "Welcome To React Boiler Plate",
            "type": "h1",
          },
          Object {
            "instance": null,
            "key": undefined,
            "nodeType": "function",
            "props": Object {
              "activeClassName": "active",
              "ariaCurrent": "true",
              "children": "Login",
              "className": "form-link",
              "to": "/login",
            },
            "ref": null,
            "rendered": "Login",
            "type": [Function],
          },
          Object {
            "instance": null,
            "key": undefined,
            "nodeType": "function",
            "props": Object {
              "activeClassName": "active",
              "ariaCurrent": "true",
              "children": "Sign Up",
              "className": "form-link",
              "to": "/signup",
            },
            "ref": null,
            "rendered": "Sign Up",
            "type": [Function],
          },
        ],
        "type": "div",
      },
      "type": "div",
    },
    "type": "div",
  },
  Symbol(enzyme.__nodes__): Array [
    Object {
      "instance": null,
      "key": undefined,
      "nodeType": "host",
      "props": Object {
        "children": <div
          className="welcome"
        >
          <div
            className="seperator-line"
          >
            <h1
              className="heading"
            >
              Welcome To React Boiler Plate
            </h1>
            <NavLink
              activeClassName="active"
              ariaCurrent="true"
              className="form-link"
              to="/login"
            >
              Login
            </NavLink>
            <NavLink
              activeClassName="active"
              ariaCurrent="true"
              className="form-link"
              to="/signup"
            >
              Sign Up
            </NavLink>
          </div>
        </div>,
        "className": "container",
      },
      "ref": null,
      "rendered": Object {
        "instance": null,
        "key": undefined,
        "nodeType": "host",
        "props": Object {
          "children": <div
            className="seperator-line"
          >
            <h1
              className="heading"
            >
              Welcome To React Boiler Plate
            </h1>
            <NavLink
              activeClassName="active"
              ariaCurrent="true"
              className="form-link"
              to="/login"
            >
              Login
            </NavLink>
            <NavLink
              activeClassName="active"
              ariaCurrent="true"
              className="form-link"
              to="/signup"
            >
              Sign Up
            </NavLink>
          </div>,
          "className": "welcome",
        },
        "ref": null,
        "rendered": Object {
          "instance": null,
          "key": undefined,
          "nodeType": "host",
          "props": Object {
            "children": Array [
              <h1
                className="heading"
              >
                Welcome To React Boiler Plate
              </h1>,
              <NavLink
                activeClassName="active"
                ariaCurrent="true"
                className="form-link"
                to="/login"
              >
                Login
              </NavLink>,
              <NavLink
                activeClassName="active"
                ariaCurrent="true"
                className="form-link"
                to="/signup"
              >
                Sign Up
              </NavLink>,
            ],
            "className": "seperator-line",
          },
          "ref": null,
          "rendered": Array [
            Object {
              "instance": null,
              "key": undefined,
              "nodeType": "host",
              "props": Object {
                "children": "Welcome To React Boiler Plate",
                "className": "heading",
              },
              "ref": null,
              "rendered": "Welcome To React Boiler Plate",
              "type": "h1",
            },
            Object {
              "instance": null,
              "key": undefined,
              "nodeType": "function",
              "props": Object {
                "activeClassName": "active",
                "ariaCurrent": "true",
                "children": "Login",
                "className": "form-link",
                "to": "/login",
              },
              "ref": null,
              "rendered": "Login",
              "type": [Function],
            },
            Object {
              "instance": null,
              "key": undefined,
              "nodeType": "function",
              "props": Object {
                "activeClassName": "active",
                "ariaCurrent": "true",
                "children": "Sign Up",
                "className": "form-link",
                "to": "/signup",
              },
              "ref": null,
              "rendered": "Sign Up",
              "type": [Function],
            },
          ],
          "type": "div",
        },
        "type": "div",
      },
      "type": "div",
    },
  ],
  Symbol(enzyme.__options__): Object {
    "adapter": ReactSixteenAdapter {
      "options": Object {
        "enableComponentDidUpdateOnSetState": true,
      },
    },
  },
}
`;
